#! /opt/homebrew/Cellar/icarus-verilog/13.0/bin/vvp
:ivl_version "13.0 (stable)" "(v13_0)";
:ivl_delay_selection "TYPICAL";
:vpi_time_precision + 0;
:vpi_module "/opt/homebrew/Cellar/icarus-verilog/13.0/lib/ivl/system.vpi";
:vpi_module "/opt/homebrew/Cellar/icarus-verilog/13.0/lib/ivl/vhdl_sys.vpi";
:vpi_module "/opt/homebrew/Cellar/icarus-verilog/13.0/lib/ivl/vhdl_textio.vpi";
:vpi_module "/opt/homebrew/Cellar/icarus-verilog/13.0/lib/ivl/v2005_math.vpi";
:vpi_module "/opt/homebrew/Cellar/icarus-verilog/13.0/lib/ivl/va_math.vpi";
S_0x1017e3f60 .scope module, "and_gate_tb" "and_gate_tb" 2 1;
 .timescale 0 0;
v0x1017e8ff0_0 .var "a_tb", 0 0;
v0x1017e9090_0 .var "b_tb", 0 0;
v0x1017e9130_0 .net "out_tb", 0 0, L_0x1017e91f0;  1 drivers
S_0x1017e29d0 .scope module, "uut" "and_gate" 2 9, 3 1 0, S_0x1017e3f60;
 .timescale 0 0;
    .port_info 0 /INPUT 1 "a";
    .port_info 1 /INPUT 1 "b";
    .port_info 2 /OUTPUT 1 "out";
L_0x1017e91f0 .functor AND 1, v0x1017e8ff0_0, v0x1017e9090_0, C4<1>, C4<1>;
v0x1017e2b50_0 .net "a", 0 0, v0x1017e8ff0_0;  1 drivers
v0x1017e2c30_0 .net "b", 0 0, v0x1017e9090_0;  1 drivers
v0x1017e8f50_0 .net "out", 0 0, L_0x1017e91f0;  alias, 1 drivers
    .scope S_0x1017e3f60;
T_0 ;
    %vpi_call 2 18 "$dumpfile", "and_gate.vcd" {0 0 0};
    %vpi_call 2 19 "$dumpvars", 32'sb00000000000000000000000000000000, S_0x1017e3f60 {0 0 0};
    %pushi/vec4 0, 0, 1;
    %store/vec4 v0x1017e8ff0_0, 0, 1;
    %pushi/vec4 0, 0, 1;
    %store/vec4 v0x1017e9090_0, 0, 1;
    %delay 10, 0;
    %pushi/vec4 0, 0, 1;
    %store/vec4 v0x1017e8ff0_0, 0, 1;
    %pushi/vec4 1, 0, 1;
    %store/vec4 v0x1017e9090_0, 0, 1;
    %delay 10, 0;
    %pushi/vec4 1, 0, 1;
    %store/vec4 v0x1017e8ff0_0, 0, 1;
    %pushi/vec4 0, 0, 1;
    %store/vec4 v0x1017e9090_0, 0, 1;
    %delay 10, 0;
    %pushi/vec4 1, 0, 1;
    %store/vec4 v0x1017e8ff0_0, 0, 1;
    %pushi/vec4 1, 0, 1;
    %store/vec4 v0x1017e9090_0, 0, 1;
    %delay 10, 0;
    %vpi_call 2 27 "$finish" {0 0 0};
    %end;
    .thread T_0;
# The file index is used to find the file name in the following table.
:file_names 4;
    "N/A";
    "<interactive>";
    "and_gate_tb.v";
    "and_gate.v";
