#! /opt/homebrew/Cellar/icarus-verilog/13.0/bin/vvp
:ivl_version "13.0 (stable)" "(v13_0)";
:ivl_delay_selection "TYPICAL";
:vpi_time_precision + 0;
:vpi_module "/opt/homebrew/Cellar/icarus-verilog/13.0/lib/ivl/system.vpi";
:vpi_module "/opt/homebrew/Cellar/icarus-verilog/13.0/lib/ivl/vhdl_sys.vpi";
:vpi_module "/opt/homebrew/Cellar/icarus-verilog/13.0/lib/ivl/vhdl_textio.vpi";
:vpi_module "/opt/homebrew/Cellar/icarus-verilog/13.0/lib/ivl/v2005_math.vpi";
:vpi_module "/opt/homebrew/Cellar/icarus-verilog/13.0/lib/ivl/va_math.vpi";
S_0x101799790 .scope module, "mux2_tb" "mux2_tb" 2 1;
 .timescale 0 0;
v0x10179e100_0 .var "a_tb", 0 0;
v0x10179e1a0_0 .var "b_tb", 0 0;
v0x10179e240_0 .net "out_tb", 0 0, L_0x10179e380;  1 drivers
v0x10179e2e0_0 .var "sel_tb", 0 0;
S_0x101798830 .scope module, "uut" "mux2" 2 9, 3 1 0, S_0x101799790;
 .timescale 0 0;
    .port_info 0 /INPUT 1 "a";
    .port_info 1 /INPUT 1 "b";
    .port_info 2 /INPUT 1 "sel";
    .port_info 3 /OUTPUT 1 "out";
v0x1017989b0_0 .net "a", 0 0, v0x10179e100_0;  1 drivers
v0x101798a50_0 .net "b", 0 0, v0x10179e1a0_0;  1 drivers
v0x10179dfc0_0 .net "out", 0 0, L_0x10179e380;  alias, 1 drivers
v0x10179e060_0 .net "sel", 0 0, v0x10179e2e0_0;  1 drivers
L_0x10179e380 .functor MUXZ 1, v0x10179e100_0, v0x10179e1a0_0, v0x10179e2e0_0, C4<>;
    .scope S_0x101799790;
T_0 ;
    %vpi_call 2 18 "$dumpfile", "mux2.vcd" {0 0 0};
    %vpi_call 2 19 "$dumpvars", 32'sb00000000000000000000000000000000, S_0x101799790 {0 0 0};
    %pushi/vec4 0, 0, 1;
    %store/vec4 v0x10179e2e0_0, 0, 1;
    %pushi/vec4 0, 0, 1;
    %store/vec4 v0x10179e100_0, 0, 1;
    %pushi/vec4 1, 0, 1;
    %store/vec4 v0x10179e1a0_0, 0, 1;
    %delay 10, 0;
    %pushi/vec4 0, 0, 1;
    %store/vec4 v0x10179e2e0_0, 0, 1;
    %pushi/vec4 1, 0, 1;
    %store/vec4 v0x10179e100_0, 0, 1;
    %pushi/vec4 0, 0, 1;
    %store/vec4 v0x10179e1a0_0, 0, 1;
    %delay 10, 0;
    %pushi/vec4 1, 0, 1;
    %store/vec4 v0x10179e2e0_0, 0, 1;
    %pushi/vec4 0, 0, 1;
    %store/vec4 v0x10179e100_0, 0, 1;
    %pushi/vec4 1, 0, 1;
    %store/vec4 v0x10179e1a0_0, 0, 1;
    %delay 10, 0;
    %pushi/vec4 1, 0, 1;
    %store/vec4 v0x10179e2e0_0, 0, 1;
    %pushi/vec4 1, 0, 1;
    %store/vec4 v0x10179e100_0, 0, 1;
    %pushi/vec4 0, 0, 1;
    %store/vec4 v0x10179e1a0_0, 0, 1;
    %delay 10, 0;
    %vpi_call 2 30 "$finish" {0 0 0};
    %end;
    .thread T_0;
# The file index is used to find the file name in the following table.
:file_names 4;
    "N/A";
    "<interactive>";
    "mux2_tb.v";
    "mux2.v";
